Found 14 candidates:
  func Addr() *reflect.PtrValue
  func CanAddr() bool
  func CanSet() bool
  func Field(i int) reflect.Value
  func FieldByIndex(index []int) reflect.Value
  func FieldByName(name string) reflect.Value
  func FieldByNameFunc(match func(string) bool) reflect.Value
  func Interface() interface{}
  func Method(i int) *reflect.FuncValue
  func NumField() int
  func Set(x *reflect.StructValue)
  func SetValue(x reflect.Value)
  func Type() reflect.Type
  func UnsafeAddr() uintptr
